// Vitest Snapshot v1

exports[`Na tela de login > Deve ser renderizada corretamente 1`] = `
VueWrapper {
  "__app": {
    "_component": {
      "name": "VTU_ROOT",
      "render": [Function],
    },
    "_container": <div
      data-v-app=""
    >
      <form
        class="formulario pagina-formulario"
        data-v-45f5edd7=""
      >
        <h3
          class="formulario__titulo formulario__titulo--maior"
          data-v-45f5edd7=""
        >
          Iniciar Sess√£o
        </h3>
        <input
          class="formulario__campo formulario__campo--maior"
          data-v-45f5edd7=""
          id="email"
          name="email"
          placeholder="Digite seu email"
          required=""
          type="email"
        />
        <input
          class="formulario__campo formulario__campo--maior"
          data-v-45f5edd7=""
          id="senha"
          name="senha"
          placeholder="Digite sua senha"
          required=""
          type="password"
        />
        <button
          class="formulario__botao formulario__botao--maior"
          data-v-45f5edd7=""
          type="submit"
        >
          Entrar
        </button>
        <!--v-if-->
      </form>
    </div>,
    "_context": {
      "app": [Circular],
      "components": {
        "transition": {
          "name": "transition",
        },
        "transition-group": {
          "name": "transition-group",
        },
      },
      "config": {
        "compilerOptions": {},
        "errorHandler": undefined,
        "globalProperties": {},
        "isNativeTag": [Function],
        "optionMergeStrategies": {},
        "performance": false,
        "warnHandler": undefined,
      },
      "directives": {},
      "emitsCache": WeakMap {},
      "mixins": [
        {
          "beforeCreate": [Function],
        },
      ],
      "optionsCache": WeakMap {},
      "propsCache": WeakMap {},
      "provides": {},
      "reload": [Function],
    },
    "_instance": {
      "a": null,
      "accessCache": {},
      "appContext": {
        "app": [Circular],
        "components": {
          "transition": {
            "name": "transition",
          },
          "transition-group": {
            "name": "transition-group",
          },
        },
        "config": {
          "compilerOptions": {},
          "errorHandler": undefined,
          "globalProperties": {},
          "isNativeTag": [Function],
          "optionMergeStrategies": {},
          "performance": false,
          "warnHandler": undefined,
        },
        "directives": {},
        "emitsCache": WeakMap {},
        "mixins": [
          {
            "beforeCreate": [Function],
          },
        ],
        "optionsCache": WeakMap {},
        "propsCache": WeakMap {},
        "provides": {},
        "reload": [Function],
      },
      "asyncDep": null,
      "asyncResolved": false,
      "attrs": {},
      "bc": null,
      "bm": null,
      "bu": null,
      "bum": null,
      "c": null,
      "components": null,
      "ctx": {},
      "da": null,
      "data": {},
      "directives": null,
      "ec": null,
      "effect": ReactiveEffect {
        "active": true,
        "allowRecurse": true,
        "deps": [
          Set {
            [Circular],
          },
          Set {
            [Circular],
          },
          Set {
            [Circular],
          },
        ],
        "fn": [Function],
        "onTrack": undefined,
        "onTrigger": undefined,
        "parent": undefined,
        "scheduler": [Function],
      },
      "emit": [Function],
      "emitsOptions": null,
      "emitted": null,
      "exposeProxy": null,
      "exposed": null,
      "inheritAttrs": undefined,
      "isDeactivated": false,
      "isMounted": true,
      "isUnmounted": false,
      "m": null,
      "next": null,
      "parent": null,
      "props": {},
      "propsDefaults": {},
      "propsOptions": [
        {},
        [],
      ],
      "provides": {},
      "proxy": {},
      "refs": {
        "VTU_COMPONENT": {
          "fazerLogin": [Function],
          "hasOwnProperty": [Function],
          "mensagemDeErro": "",
          "usuario": {
            "email": "",
            "senha": "",
          },
        },
      },
      "render": [Function],
      "renderCache": [],
      "root": [Circular],
      "rtc": null,
      "rtg": null,
      "scope": EffectScope {
        "active": true,
        "cleanups": [],
        "effects": [
          ReactiveEffect {
            "active": true,
            "allowRecurse": true,
            "deps": [
              Set {
                [Circular],
              },
              Set {
                [Circular],
              },
              Set {
                [Circular],
              },
            ],
            "fn": [Function],
            "onTrack": undefined,
            "onTrigger": undefined,
            "parent": undefined,
            "scheduler": [Function],
          },
        ],
      },
      "setupContext": null,
      "setupState": {},
      "slots": {},
      "sp": null,
      "subTree": {
        "__v_isVNode": true,
        "__v_skip": true,
        "anchor": null,
        "appContext": null,
        "children": null,
        "component": {
          "a": null,
          "accessCache": {
            "@@__IMMUTABLE_ITERABLE__@@": 0,
            "@@__IMMUTABLE_RECORD__@@": 0,
            "_isMockFunction": 0,
            "constructor": 0,
            "fazerLogin": 4,
            "hasOwnProperty": 4,
            "mensagemDeErro": 2,
            "toJSON": 0,
            "usuario": 2,
            Symbol(Symbol.toStringTag): 0,
          },
          "appContext": {
            "app": [Circular],
            "components": {
              "transition": {
                "name": "transition",
              },
              "transition-group": {
                "name": "transition-group",
              },
            },
            "config": {
              "compilerOptions": {},
              "errorHandler": undefined,
              "globalProperties": {},
              "isNativeTag": [Function],
              "optionMergeStrategies": {},
              "performance": false,
              "warnHandler": undefined,
            },
            "directives": {},
            "emitsCache": WeakMap {},
            "mixins": [
              {
                "beforeCreate": [Function],
              },
            ],
            "optionsCache": WeakMap {},
            "propsCache": WeakMap {},
            "provides": {},
            "reload": [Function],
          },
          "asyncDep": null,
          "asyncResolved": false,
          "attrs": {},
          "bc": null,
          "bm": null,
          "bu": null,
          "bum": null,
          "c": null,
          "components": {},
          "ctx": {
            "fazerLogin": [Function],
            "hasOwnProperty": [Function],
            "mensagemDeErro": "",
            "usuario": {
              "email": "",
              "senha": "",
            },
          },
          "da": null,
          "data": {
            "mensagemDeErro": "",
            "usuario": {
              "email": "",
              "senha": "",
            },
          },
          "directives": null,
          "ec": null,
          "effect": ReactiveEffect {
            "active": true,
            "allowRecurse": true,
            "deps": [
              Set {
                [Circular],
              },
              Set {
                [Circular],
              },
              Set {
                [Circular],
              },
              Set {
                [Circular],
              },
            ],
            "fn": [Function],
            "onTrack": undefined,
            "onTrigger": undefined,
            "parent": undefined,
            "scheduler": [Function],
          },
          "emit": [Function],
          "emitsOptions": null,
          "emitted": null,
          "exposeProxy": null,
          "exposed": null,
          "inheritAttrs": undefined,
          "isDeactivated": false,
          "isMounted": true,
          "isUnmounted": false,
          "m": null,
          "next": null,
          "parent": [Circular],
          "props": {},
          "propsDefaults": {},
          "propsOptions": [
            {},
            [],
          ],
          "provides": {},
          "proxy": {
            "fazerLogin": [Function],
            "hasOwnProperty": [Function],
            "mensagemDeErro": "",
            "usuario": {
              "email": "",
              "senha": "",
            },
          },
          "refs": {},
          "render": [Function],
          "renderCache": [
            [Function],
            [Function],
            [Function],
          ],
          "root": [Circular],
          "rtc": null,
          "rtg": null,
          "scope": EffectScope {
            "active": true,
            "cleanups": [],
            "effects": [
              ReactiveEffect {
                "active": true,
                "allowRecurse": true,
                "deps": [
                  Set {
                    [Circular],
                  },
                  Set {
                    [Circular],
                  },
                  Set {
                    [Circular],
                  },
                  Set {
                    [Circular],
                  },
                ],
                "fn": [Function],
                "onTrack": undefined,
                "onTrigger": undefined,
                "parent": undefined,
                "scheduler": [Function],
              },
            ],
          },
          "setupContext": null,
          "setupState": {},
          "slots": {},
          "sp": null,
          "subTree": {
            "__v_isVNode": true,
            "__v_skip": true,
            "anchor": null,
            "appContext": null,
            "children": [
              {
                "__v_isVNode": true,
                "__v_skip": true,
                "anchor": null,
                "appContext": null,
                "children": "Iniciar Sess√£o",
                "component": null,
                "dirs": null,
                "dynamicChildren": null,
                "dynamicProps": null,
                "el": <h3
                  class="formulario__titulo formulario__titulo--maior"
                  data-v-45f5edd7=""
                >
                  Iniciar Sess√£o
                </h3>,
                "key": null,
                "patchFlag": -1,
                "props": {
                  "class": "formulario__titulo formulario__titulo--maior",
                },
                "ref": null,
                "scopeId": "data-v-45f5edd7",
                "shapeFlag": 9,
                "slotScopeIds": null,
                "ssContent": null,
                "ssFallback": null,
                "staticCount": 0,
                "suspense": null,
                "target": null,
                "targetAnchor": null,
                "transition": null,
                "type": "h3",
              },
              {
                "__v_isVNode": true,
                "__v_skip": true,
                "anchor": null,
                "appContext": null,
                "children": null,
                "component": null,
                "dirs": [
                  {
                    "arg": undefined,
                    "dir": {
                      "beforeUpdate": [Function],
                      "created": [Function],
                      "mounted": [Function],
                    },
                    "instance": {
                      "fazerLogin": [Function],
                      "hasOwnProperty": [Function],
                      "mensagemDeErro": "",
                      "usuario": {
                        "email": "",
                        "senha": "",
                      },
                    },
                    "modifiers": {},
                    "oldValue": undefined,
                    "value": "",
                  },
                ],
                "dynamicChildren": null,
                "dynamicProps": null,
                "el": <input
                  class="formulario__campo formulario__campo--maior"
                  data-v-45f5edd7=""
                  id="email"
                  name="email"
                  placeholder="Digite seu email"
                  required=""
                  type="email"
                />,
                "key": null,
                "patchFlag": 512,
                "props": {
                  "class": "formulario__campo formulario__campo--maior",
                  "id": "email",
                  "name": "email",
                  "onUpdate:modelValue": [Function],
                  "placeholder": "Digite seu email",
                  "required": "",
                  "type": "email",
                },
                "ref": null,
                "scopeId": "data-v-45f5edd7",
                "shapeFlag": 1,
                "slotScopeIds": null,
                "ssContent": null,
                "ssFallback": null,
                "staticCount": 0,
                "suspense": null,
                "target": null,
                "targetAnchor": null,
                "transition": null,
                "type": "input",
              },
              {
                "__v_isVNode": true,
                "__v_skip": true,
                "anchor": null,
                "appContext": null,
                "children": null,
                "component": null,
                "dirs": [
                  {
                    "arg": undefined,
                    "dir": {
                      "beforeUpdate": [Function],
                      "created": [Function],
                      "mounted": [Function],
                    },
                    "instance": {
                      "fazerLogin": [Function],
                      "hasOwnProperty": [Function],
                      "mensagemDeErro": "",
                      "usuario": {
                        "email": "",
                        "senha": "",
                      },
                    },
                    "modifiers": {},
                    "oldValue": undefined,
                    "value": "",
                  },
                ],
                "dynamicChildren": null,
                "dynamicProps": null,
                "el": <input
                  class="formulario__campo formulario__campo--maior"
                  data-v-45f5edd7=""
                  id="senha"
                  name="senha"
                  placeholder="Digite sua senha"
                  required=""
                  type="password"
                />,
                "key": null,
                "patchFlag": 512,
                "props": {
                  "class": "formulario__campo formulario__campo--maior",
                  "id": "senha",
                  "name": "senha",
                  "onUpdate:modelValue": [Function],
                  "placeholder": "Digite sua senha",
                  "required": "",
                  "type": "password",
                },
                "ref": null,
                "scopeId": "data-v-45f5edd7",
                "shapeFlag": 1,
                "slotScopeIds": null,
                "ssContent": null,
                "ssFallback": null,
                "staticCount": 0,
                "suspense": null,
                "target": null,
                "targetAnchor": null,
                "transition": null,
                "type": "input",
              },
              {
                "__v_isVNode": true,
                "__v_skip": true,
                "anchor": null,
                "appContext": null,
                "children": "Entrar",
                "component": null,
                "dirs": null,
                "dynamicChildren": null,
                "dynamicProps": null,
                "el": <button
                  class="formulario__botao formulario__botao--maior"
                  data-v-45f5edd7=""
                  type="submit"
                >
                  Entrar
                </button>,
                "key": null,
                "patchFlag": -1,
                "props": {
                  "class": "formulario__botao formulario__botao--maior",
                  "type": "submit",
                },
                "ref": null,
                "scopeId": "data-v-45f5edd7",
                "shapeFlag": 9,
                "slotScopeIds": null,
                "ssContent": null,
                "ssFallback": null,
                "staticCount": 0,
                "suspense": null,
                "target": null,
                "targetAnchor": null,
                "transition": null,
                "type": "button",
              },
              {
                "__v_isVNode": true,
                "__v_skip": true,
                "anchor": null,
                "appContext": null,
                "children": "v-if",
                "component": null,
                "dirs": null,
                "dynamicChildren": [],
                "dynamicProps": null,
                "el": <!--v-if-->,
                "key": null,
                "patchFlag": 0,
                "props": null,
                "ref": null,
                "scopeId": "data-v-45f5edd7",
                "shapeFlag": 8,
                "slotScopeIds": null,
                "ssContent": null,
                "ssFallback": null,
                "staticCount": 0,
                "suspense": null,
                "target": null,
                "targetAnchor": null,
                "transition": null,
                "type": Symbol(Comment),
              },
            ],
            "component": null,
            "dirs": null,
            "dynamicChildren": [
              {
                "__v_isVNode": true,
                "__v_skip": true,
                "anchor": null,
                "appContext": null,
                "children": null,
                "component": null,
                "dirs": [
                  {
                    "arg": undefined,
                    "dir": {
                      "beforeUpdate": [Function],
                      "created": [Function],
                      "mounted": [Function],
                    },
                    "instance": {
                      "fazerLogin": [Function],
                      "hasOwnProperty": [Function],
                      "mensagemDeErro": "",
                      "usuario": {
                        "email": "",
                        "senha": "",
                      },
                    },
                    "modifiers": {},
                    "oldValue": undefined,
                    "value": "",
                  },
                ],
                "dynamicChildren": null,
                "dynamicProps": null,
                "el": <input
                  class="formulario__campo formulario__campo--maior"
                  data-v-45f5edd7=""
                  id="email"
                  name="email"
                  placeholder="Digite seu email"
                  required=""
                  type="email"
                />,
                "key": null,
                "patchFlag": 512,
                "props": {
                  "class": "formulario__campo formulario__campo--maior",
                  "id": "email",
                  "name": "email",
                  "onUpdate:modelValue": [Function],
                  "placeholder": "Digite seu email",
                  "required": "",
                  "type": "email",
                },
                "ref": null,
                "scopeId": "data-v-45f5edd7",
                "shapeFlag": 1,
                "slotScopeIds": null,
                "ssContent": null,
                "ssFallback": null,
                "staticCount": 0,
                "suspense": null,
                "target": null,
                "targetAnchor": null,
                "transition": null,
                "type": "input",
              },
              {
                "__v_isVNode": true,
                "__v_skip": true,
                "anchor": null,
                "appContext": null,
                "children": null,
                "component": null,
                "dirs": [
                  {
                    "arg": undefined,
                    "dir": {
                      "beforeUpdate": [Function],
                      "created": [Function],
                      "mounted": [Function],
                    },
                    "instance": {
                      "fazerLogin": [Function],
                      "hasOwnProperty": [Function],
                      "mensagemDeErro": "",
                      "usuario": {
                        "email": "",
                        "senha": "",
                      },
                    },
                    "modifiers": {},
                    "oldValue": undefined,
                    "value": "",
                  },
                ],
                "dynamicChildren": null,
                "dynamicProps": null,
                "el": <input
                  class="formulario__campo formulario__campo--maior"
                  data-v-45f5edd7=""
                  id="senha"
                  name="senha"
                  placeholder="Digite sua senha"
                  required=""
                  type="password"
                />,
                "key": null,
                "patchFlag": 512,
                "props": {
                  "class": "formulario__campo formulario__campo--maior",
                  "id": "senha",
                  "name": "senha",
                  "onUpdate:modelValue": [Function],
                  "placeholder": "Digite sua senha",
                  "required": "",
                  "type": "password",
                },
                "ref": null,
                "scopeId": "data-v-45f5edd7",
                "shapeFlag": 1,
                "slotScopeIds": null,
                "ssContent": null,
                "ssFallback": null,
                "staticCount": 0,
                "suspense": null,
                "target": null,
                "targetAnchor": null,
                "transition": null,
                "type": "input",
              },
              {
                "__v_isVNode": true,
                "__v_skip": true,
                "anchor": null,
                "appContext": null,
                "children": "v-if",
                "component": null,
                "dirs": null,
                "dynamicChildren": [],
                "dynamicProps": null,
                "el": <!--v-if-->,
                "key": null,
                "patchFlag": 0,
                "props": null,
                "ref": null,
                "scopeId": "data-v-45f5edd7",
                "shapeFlag": 8,
                "slotScopeIds": null,
                "ssContent": null,
                "ssFallback": null,
                "staticCount": 0,
                "suspense": null,
                "target": null,
                "targetAnchor": null,
                "transition": null,
                "type": Symbol(Comment),
              },
            ],
            "dynamicProps": null,
            "el": <form
              class="formulario pagina-formulario"
              data-v-45f5edd7=""
            >
              <h3
                class="formulario__titulo formulario__titulo--maior"
                data-v-45f5edd7=""
              >
                Iniciar Sess√£o
              </h3>
              <input
                class="formulario__campo formulario__campo--maior"
                data-v-45f5edd7=""
                id="email"
                name="email"
                placeholder="Digite seu email"
                required=""
                type="email"
              />
              <input
                class="formulario__campo formulario__campo--maior"
                data-v-45f5edd7=""
                id="senha"
                name="senha"
                placeholder="Digite sua senha"
                required=""
                type="password"
              />
              <button
                class="formulario__botao formulario__botao--maior"
                data-v-45f5edd7=""
                type="submit"
              >
                Entrar
              </button>
              <!--v-if-->
            </form>,
            "key": null,
            "patchFlag": 32,
            "props": {
              "class": "formulario pagina-formulario",
              "onSubmit": [Function],
            },
            "ref": null,
            "scopeId": "data-v-45f5edd7",
            "shapeFlag": 17,
            "slotScopeIds": null,
            "ssContent": null,
            "ssFallback": null,
            "staticCount": 0,
            "suspense": null,
            "target": null,
            "targetAnchor": null,
            "transition": null,
            "type": "form",
          },
          "suspense": null,
          "suspenseId": 0,
          "type": {
            "__file": "/home/breno/Studies/front-end/alura-geek/src/views/LoginView.vue",
            "__scopeId": "data-v-45f5edd7",
            "components": {},
            "data": [Function],
            "methods": {
              "fazerLogin": [Function],
            },
            "name": "LoginView",
            "render": [Function],
          },
          "u": null,
          "uid": 1,
          "um": null,
          "update": [Function],
          "vnode": [Circular],
          "withProxy": null,
        },
        "dirs": null,
        "dynamicChildren": null,
        "dynamicProps": null,
        "el": <form
          class="formulario pagina-formulario"
          data-v-45f5edd7=""
        >
          <h3
            class="formulario__titulo formulario__titulo--maior"
            data-v-45f5edd7=""
          >
            Iniciar Sess√£o
          </h3>
          <input
            class="formulario__campo formulario__campo--maior"
            data-v-45f5edd7=""
            id="email"
            name="email"
            placeholder="Digite seu email"
            required=""
            type="email"
          />
          <input
            class="formulario__campo formulario__campo--maior"
            data-v-45f5edd7=""
            id="senha"
            name="senha"
            placeholder="Digite sua senha"
            required=""
            type="password"
          />
          <button
            class="formulario__botao formulario__botao--maior"
            data-v-45f5edd7=""
            type="submit"
          >
            Entrar
          </button>
          <!--v-if-->
        </form>,
        "key": null,
        "patchFlag": 0,
        "props": {
          "ref": "VTU_COMPONENT",
        },
        "ref": {
          "f": false,
          "i": [Circular],
          "k": undefined,
          "r": "VTU_COMPONENT",
        },
        "scopeId": null,
        "shapeFlag": 4,
        "slotScopeIds": null,
        "ssContent": null,
        "ssFallback": null,
        "staticCount": 0,
        "suspense": null,
        "target": null,
        "targetAnchor": null,
        "transition": null,
        "type": {
          "__file": "/home/breno/Studies/front-end/alura-geek/src/views/LoginView.vue",
          "__scopeId": "data-v-45f5edd7",
          "components": {},
          "data": [Function],
          "methods": {
            "fazerLogin": [Function],
          },
          "name": "LoginView",
          "render": [Function],
        },
      },
      "suspense": null,
      "suspenseId": 0,
      "type": {
        "name": "VTU_ROOT",
        "render": [Function],
      },
      "u": null,
      "uid": 0,
      "um": null,
      "update": [Function],
      "vnode": {
        "__v_isVNode": true,
        "__v_skip": true,
        "anchor": null,
        "appContext": {
          "app": [Circular],
          "components": {
            "transition": {
              "name": "transition",
            },
            "transition-group": {
              "name": "transition-group",
            },
          },
          "config": {
            "compilerOptions": {},
            "errorHandler": undefined,
            "globalProperties": {},
            "isNativeTag": [Function],
            "optionMergeStrategies": {},
            "performance": false,
            "warnHandler": undefined,
          },
          "directives": {},
          "emitsCache": WeakMap {},
          "mixins": [
            {
              "beforeCreate": [Function],
            },
          ],
          "optionsCache": WeakMap {},
          "propsCache": WeakMap {},
          "provides": {},
          "reload": [Function],
        },
        "children": null,
        "component": [Circular],
        "dirs": null,
        "dynamicChildren": null,
        "dynamicProps": null,
        "el": <form
          class="formulario pagina-formulario"
          data-v-45f5edd7=""
        >
          <h3
            class="formulario__titulo formulario__titulo--maior"
            data-v-45f5edd7=""
          >
            Iniciar Sess√£o
          </h3>
          <input
            class="formulario__campo formulario__campo--maior"
            data-v-45f5edd7=""
            id="email"
            name="email"
            placeholder="Digite seu email"
            required=""
            type="email"
          />
          <input
            class="formulario__campo formulario__campo--maior"
            data-v-45f5edd7=""
            id="senha"
            name="senha"
            placeholder="Digite sua senha"
            required=""
            type="password"
          />
          <button
            class="formulario__botao formulario__botao--maior"
            data-v-45f5edd7=""
            type="submit"
          >
            Entrar
          </button>
          <!--v-if-->
        </form>,
        "key": null,
        "patchFlag": 0,
        "props": null,
        "ref": null,
        "scopeId": null,
        "shapeFlag": 4,
        "slotScopeIds": null,
        "ssContent": null,
        "ssFallback": null,
        "staticCount": 0,
        "suspense": null,
        "target": null,
        "targetAnchor": null,
        "transition": null,
        "type": {
          "name": "VTU_ROOT",
          "render": [Function],
        },
      },
      "withProxy": null,
    },
    "_props": null,
    "_uid": 0,
    "component": [Function],
    "config": {
      "compilerOptions": {},
      "errorHandler": undefined,
      "globalProperties": {},
      "isNativeTag": [Function],
      "optionMergeStrategies": {},
      "performance": false,
      "warnHandler": undefined,
    },
    "directive": [Function],
    "mixin": [Function],
    "mount": [Function],
    "provide": [Function],
    "unmount": [Function],
    "use": [Function],
    "version": "3.2.37",
  },
  "__setProps": [Function],
  "cleanUpCallbacks": [
    [Function],
    [Function],
    [Function],
    [Function],
    [Function],
    [Function],
    [Function],
    [Function],
    [Function],
    [Function],
    [Function],
    [Function],
    [Function],
    [Function],
    [Function],
    [Function],
    [Function],
    [Function],
    [Function],
    [Function],
    [Function],
    [Function],
    [Function],
    [Function],
    [Function],
    [Function],
    [Function],
    [Function],
    [Function],
    [Function],
    [Function],
    [Function],
    [Function],
    [Function],
    [Function],
    [Function],
    [Function],
    [Function],
    [Function],
    [Function],
    [Function],
    [Function],
    [Function],
    [Function],
    [Function],
    [Function],
    [Function],
    [Function],
    [Function],
    [Function],
    [Function],
    [Function],
    [Function],
    [Function],
    [Function],
    [Function],
    [Function],
    [Function],
    [Function],
    [Function],
    [Function],
    [Function],
    [Function],
    [Function],
    [Function],
    [Function],
    [Function],
    [Function],
    [Function],
    [Function],
    [Function],
    [Function],
    [Function],
    [Function],
    [Function],
    [Function],
    [Function],
    [Function],
    [Function],
    [Function],
    [Function],
    [Function],
    [Function],
    [Function],
    [Function],
    [Function],
    [Function],
    [Function],
    [Function],
    [Function],
    [Function],
    [Function],
    [Function],
    [Function],
    [Function],
    [Function],
    [Function],
    [Function],
    [Function],
    [Function],
    [Function],
    [Function],
    [Function],
    [Function],
    [Function],
    [Function],
    [Function],
    [Function],
    [Function],
    [Function],
    [Function],
    [Function],
    [Function],
    [Function],
    [Function],
    [Function],
    [Function],
    [Function],
    [Function],
    [Function],
    [Function],
    [Function],
    [Function],
    [Function],
    [Function],
    [Function],
    [Function],
    [Function],
    [Function],
    [Function],
    [Function],
    [Function],
    [Function],
    [Function],
    [Function],
    [Function],
    [Function],
    [Function],
    [Function],
    [Function],
    [Function],
    [Function],
    [Function],
    [Function],
    [Function],
    [Function],
    [Function],
    [Function],
    [Function],
    [Function],
    [Function],
    [Function],
    [Function],
    [Function],
    [Function],
    [Function],
    [Function],
    [Function],
    [Function],
    [Function],
    [Function],
    [Function],
    [Function],
    [Function],
    [Function],
    [Function],
    [Function],
    [Function],
    [Function],
    [Function],
    [Function],
    [Function],
  ],
  "componentVM": {
    "fazerLogin": [Function],
    "hasOwnProperty": [Function],
    "mensagemDeErro": "",
    "usuario": {
      "email": "",
      "senha": "",
    },
  },
  "isDisabled": [Function],
  "rootVM": {},
  "wrapperElement": <form
    class="formulario pagina-formulario"
    data-v-45f5edd7=""
  >
    <h3
      class="formulario__titulo formulario__titulo--maior"
      data-v-45f5edd7=""
    >
      Iniciar Sess√£o
    </h3>
    <input
      class="formulario__campo formulario__campo--maior"
      data-v-45f5edd7=""
      id="email"
      name="email"
      placeholder="Digite seu email"
      required=""
      type="email"
    />
    <input
      class="formulario__campo formulario__campo--maior"
      data-v-45f5edd7=""
      id="senha"
      name="senha"
      placeholder="Digite sua senha"
      required=""
      type="password"
    />
    <button
      class="formulario__botao formulario__botao--maior"
      data-v-45f5edd7=""
      type="submit"
    >
      Entrar
    </button>
    <!--v-if-->
  </form>,
}
`;
